  Determinando los proyectos que se van a restaurar...
  Todos los proyectos est├ín actualizados para la restauraci├│n.
  Domain -> C:\Users\camil\Downloads\EmployeeManagement\EmployeeManagement\Domain\bin\Debug\net8.0\Domain.dll
  Application -> C:\Users\camil\Downloads\EmployeeManagement\EmployeeManagement\Application\bin\Debug\net8.0\Application.dll
  Infrastructure -> C:\Users\camil\Downloads\EmployeeManagement\EmployeeManagement\Infrastructure\bin\Debug\net8.0\Infrastructure.dll
C:\Users\camil\Downloads\EmployeeManagement\EmployeeManagement\WebApp\Pages\Dashboard\Index.cshtml.cs(23,33): error CS0234: El tipo o el nombre del espacio de nombres 'DashboardStatsDto' no existe en el espacio de nombres 'Application.DTOs' (┬┐falta alguna referencia de ensamblado?) [C:\Users\camil\Downloads\EmployeeManagement\EmployeeManagement\WebApp\WebApp.csproj]

ERROR al compilar.

C:\Users\camil\Downloads\EmployeeManagement\EmployeeManagement\WebApp\Pages\Dashboard\Index.cshtml.cs(23,33): error CS0234: El tipo o el nombre del espacio de nombres 'DashboardStatsDto' no existe en el espacio de nombres 'Application.DTOs' (┬┐falta alguna referencia de ensamblado?) [C:\Users\camil\Downloads\EmployeeManagement\EmployeeManagement\WebApp\WebApp.csproj]
    0 Advertencia(s)
    1 Errores

Tiempo transcurrido 00:00:02.56
